// Jest Snapshot v1, https://goo.gl/fbAQLP

exports[`Testing <AppRouter /> Private routes 1`] = `
<div>
  <div
    className="w-full  flex"
  >
    <div
      className="mx-auto pt-12 animate__animated animate__fadeIn"
    >
      <img
        alt="welcome"
        className="text-center h-56"
        src="./assets/welcome.svg"
      />
      <div
        className="text-center mt-10"
      >
        <button
          className="py-3 bg-green-500 text-white w-full hover:bg-green-600 cursor-pointer rounded outline-none"
          onClick={[Function]}
        >
          Logout
        </button>
      </div>
    </div>
  </div>
</div>
`;

exports[`Testing <AppRouter /> Public routes 1`] = `
<div>
  <div
    className="w-full h-screen flex bg-gray-400 "
  >
    <div
      className="container mx-auto p-2 my-24"
    >
      <div
        className="max-w-sm mx-auto bg-white px-5 py-10 rounded shadow-xl animate__animated animate__fadeInDown"
      >
        <div
          className="text-center mb-8"
        >
          <h1
            className="font-bold text-2xl"
          >
            Welcome to 
            <span
              className="text-green-500"
            >
               Login App 
            </span>
             
          </h1>
        </div>
        <form
          onSubmit={[Function]}
        >
          <div
            className="mt-5"
          >
            <label>
              Email
            </label>
            <input
              autoComplete="off"
              className="block w-full p-2 border rounded border-gray-500 outline-none"
              name="email"
              placeholder="example@emal.com"
              type="email"
            />
            <p
              className="text-red-500"
            />
          </div>
          <div
            className="mt-5"
          >
            <label>
              Password
            </label>
            <input
              className="block w-full p-2 border rounded border-gray-500 outline-none"
              name="password"
              placeholder="********"
              type="password"
            />
            <p
              className="text-red-500"
            />
          </div>
          <div
            className="mt-10 text-center"
          >
            <button
              className="py-3 bg-green-500 text-white w-full hover:bg-green-600 cursor-pointer rounded outline-none"
            >
              Login
            </button>
          </div>
          <div
            className="mt-5"
          >
            <p
              className="text-gray-600"
            >
              Don't have an account?
              <a
                className="text-green-400"
                href="/register"
                onClick={[Function]}
              >
                 Sign up here 
              </a>
            </p>
          </div>
        </form>
      </div>
    </div>
  </div>
</div>
`;

exports[`Testing <AppRouter /> loading... 1`] = `
<div
  className="container-loader"
>
  <div
    className="grid"
  >
    <div
      className="box box-1"
    />
    <div
      className="box box-2"
    />
    <div
      className="box box-3"
    />
    <div
      className="box box-4"
    />
    <div
      className="box box-5"
    />
    <div
      className="box box-6"
    />
    <div
      className="box box-7"
    />
    <div
      className="box box-8"
    />
    <div
      className="box box-9"
    />
  </div>
</div>
`;
